// Jest Snapshot v1, https://goo.gl/fbAQLP

exports[`should render ExpenseListItem correctly 1`] = `
<div
  className="expense-item-wrapper"
>
  <div>
    <h3
      className="list-item__title"
    >
      <Link
        replace={false}
        to="/edit/1"
      >
        Gum
      </Link>
    </h3>
    <span
      className="list-item__sub-title"
    >
      December 31st, 1969
    </span>
  </div>
  <h3
    className="list-item__data"
  >
    $1.95
  </h3>
</div>
`;
